<html>
<body>
<pre>
<h1>礦ision Build Log</h1>
<h2>Tool Versions:</h2>
IDE-Version: μVision V5.34.0.0
Copyright (C) 2021 ARM Ltd and ARM Germany GmbH. All rights reserved.
License Information: 1 1, 1, LIC=RC93N-YL5LI-WF3I7-EYPYW-31TV0-GDPN8
 
Tool Versions:
Toolchain:       MDK-ARM Plus  Version: 5.34.0.0
Toolchain Path:  E:\Keil_v5\ARM\ARMCC\Bin
C Compiler:      Armcc.exe V5.06 update 7 (build 960)
Assembler:       Armasm.exe V5.06 update 7 (build 960)
Linker/Locator:  ArmLink.exe V5.06 update 7 (build 960)
Library Manager: ArmAr.exe V5.06 update 7 (build 960)
Hex Converter:   FromElf.exe V5.06 update 7 (build 960)
CPU DLL:         SARMCM3.DLL V5.34.0.0
Dialog DLL:      DCM.DLL V1.17.3.0
Target DLL:      STLink\ST-LINKIII-KEIL_SWO.dll V3.0.8.0
Dialog DLL:      TCM.DLL V1.48.0.0
 
<h2>Project:</h2>
D:\Documents\my-stm32-tank\Mars_Magnam\MDK-ARM\Mars.uvprojx
Project File Date:  05/07/2022

<h2>Output:</h2>
*** Using Compiler 'V5.06 update 7 (build 960)', folder: 'E:\Keil_v5\ARM\ARMCC\Bin'
Build target 'Mars'
compiling control.c...
..\Hardware\control.c(91): warning:  #1035-D: single-precision operand implicitly converted to double-precision
  	float vx = 2.5 * (float)x / 128;	//x、y坐标映射为小车x、y方向分速度（最大2m/s）
..\Hardware\control.c(92): warning:  #1035-D: single-precision operand implicitly converted to double-precision
  	float vy = 2.5 * (float)y / 128;
..\Hardware\control.c(269): warning:  #1035-D: single-precision operand implicitly converted to double-precision
  	v_x = 1.2 * (float)dirx / 128;	//x、y坐标映射为小车x、y方向分速度（最大0.6m/s）
..\Hardware\control.c(270): warning:  #1035-D: single-precision operand implicitly converted to double-precision
  	v_y = 1.2 * (float)diry / 128;
..\Hardware\control.c(355): warning:  #1035-D: single-precision operand implicitly converted to double-precision
  	mul+=0.5;
..\Hardware\control.c(361): warning:  #1035-D: single-precision operand implicitly converted to double-precision
  	mul-=0.5;
..\Hardware\control.c: 6 warnings, 0 errors
linking...
Program Size: Code=25440 RO-data=520 RW-data=124 ZI-data=4156  
FromELF: creating hex file...
"Mars\Mars.axf" - 0 Error(s), 6 Warning(s).

<h2>Software Packages used:</h2>

Package Vendor: ARM
                http://www.keil.com/pack/ARM.CMSIS.5.7.0.pack
                ARM.CMSIS.5.7.0
                CMSIS (Cortex Microcontroller Software Interface Standard)
   * Component: CORE Version: 5.4.0

Package Vendor: Keil
                http://www.keil.com/pack/Keil.STM32F4xx_DFP.2.16.0.pack
                Keil.STM32F4xx_DFP.2.16.0
                STMicroelectronics STM32F4 Series Device Support, Drivers and Examples

<h2>Collection of Component include folders:</h2>
  .\RTE\_Mars
  E:\Keil_v5\Pack\ARM\CMSIS\5.7.0\CMSIS\Core\Include
  E:\Keil_v5\Pack\Keil\STM32F4xx_DFP\2.16.0\Drivers\CMSIS\Device\ST\STM32F4xx\Include

<h2>Collection of Component Files used:</h2>

   * Component: ARM::CMSIS:CORE:5.4.0
      Include file:  CMSIS\Core\Include\tz_context.h
Build Time Elapsed:  00:00:11
</pre>
</body>
</html>
