<html>
<body>
<pre>
<h1>礦ision Build Log</h1>
<h2>Tool Versions:</h2>
IDE-Version: μVision V5.34.0.0
Copyright (C) 2021 ARM Ltd and ARM Germany GmbH. All rights reserved.
License Information: 1 1, 1, LIC=RC93N-YL5LI-WF3I7-EYPYW-31TV0-GDPN8
 
Tool Versions:
Toolchain:       MDK-ARM Plus  Version: 5.34.0.0
Toolchain Path:  E:\Keil_v5\ARM\ARMCC\Bin
C Compiler:      Armcc.exe V5.06 update 7 (build 960)
Assembler:       Armasm.exe V5.06 update 7 (build 960)
Linker/Locator:  ArmLink.exe V5.06 update 7 (build 960)
Library Manager: ArmAr.exe V5.06 update 7 (build 960)
Hex Converter:   FromElf.exe V5.06 update 7 (build 960)
CPU DLL:         SARMCM3.DLL V5.34.0.0
Dialog DLL:      DCM.DLL V1.17.3.0
Target DLL:      STLink\ST-LINKIII-KEIL_SWO.dll V3.0.8.0
Dialog DLL:      TCM.DLL V1.48.0.0
 
<h2>Project:</h2>
D:\Documents\MCU Study\stm32\Project of Stm32f411ceu6\CubeMx Version\F411_Turret_5_4\MDK-ARM\F411_Turret.uvprojx
Project File Date:  05/04/2022

<h2>Output:</h2>
*** Using Compiler 'V5.06 update 7 (build 960)', folder: 'E:\Keil_v5\ARM\ARMCC\Bin'
Rebuild target 'F411_Turret'
assembling startup_stm32f411xe.s...
compiling stm32f4xx_it.c...
compiling tim.c...
compiling usart.c...
compiling stm32f4xx_hal_msp.c...
compiling stm32f4xx_hal_gpio.c...
compiling stm32f4xx_hal_flash_ramfunc.c...
compiling stm32f4xx_hal_flash.c...
compiling gpio.c...
compiling stm32f4xx_hal_flash_ex.c...
compiling main.c...
compiling stm32f4xx_hal_rcc.c...
compiling stm32f4xx_hal_rcc_ex.c...
compiling DataScop_DP.c...
compiling stm32f4xx_hal_dma_ex.c...
compiling stm32f4xx_hal_tim_ex.c...
compiling stm32f4xx_hal_tim.c...
compiling motor.c...
..\Hardware\motor.c(169): warning:  #1035-D: single-precision operand implicitly converted to double-precision
  	if(motor->target_speed > 0.5)motor->target_speed = 0.5;
..\Hardware\motor.c: 1 warning, 0 errors
compiling delay.c...
..\Hardware\delay.c(4): warning:  #550-D: variable "fac_ms"  was set but never used
  static uint16_t fac_ms=0;//ms延时倍乘数,在ucos下,代表每个节拍的ms数
..\Hardware\delay.c: 1 warning, 0 errors
compiling stm32f4xx_hal_pwr.c...
compiling system_stm32f4xx.c...
compiling stm32f4xx_hal_cortex.c...
compiling stm32f4xx_hal.c...
compiling control.c...
compiling communication.c...
compiling stm32f4xx_hal_exti.c...
compiling pid.c...
compiling stm32f4xx_hal_pwr_ex.c...
compiling stm32f4xx_hal_dma.c...
compiling stm32f4xx_hal_uart.c...
linking...
Program Size: Code=10608 RO-data=464 RW-data=28 ZI-data=1820  
FromELF: creating hex file...
"F411_Turret\F411_Turret.axf" - 0 Error(s), 2 Warning(s).

<h2>Software Packages used:</h2>

Package Vendor: ARM
                http://www.keil.com/pack/ARM.CMSIS.5.7.0.pack
                ARM.CMSIS.5.7.0
                CMSIS (Cortex Microcontroller Software Interface Standard)
   * Component: CORE Version: 5.4.0

Package Vendor: Keil
                http://www.keil.com/pack/Keil.STM32F4xx_DFP.2.16.0.pack
                Keil.STM32F4xx_DFP.2.16.0
                STMicroelectronics STM32F4 Series Device Support, Drivers and Examples

<h2>Collection of Component include folders:</h2>
  .\RTE\_F411_Turret
  E:\Keil_v5\Pack\ARM\CMSIS\5.7.0\CMSIS\Core\Include
  E:\Keil_v5\Pack\Keil\STM32F4xx_DFP\2.16.0\Drivers\CMSIS\Device\ST\STM32F4xx\Include

<h2>Collection of Component Files used:</h2>

   * Component: ARM::CMSIS:CORE:5.4.0
      Include file:  CMSIS\Core\Include\tz_context.h
Build Time Elapsed:  00:00:06
</pre>
</body>
</html>
